====================================================
           COMPUTER PULSE - HARDWARE & NETWORK LOG   
====================================================
Timestamp          : 2026-09-29 22:02:37
Active Processes   : 199 running processes
CPU Utilization    : 2% load
----------------------------------------------------
Top 3 Memory-Consuming Processes:

Name     RAM_MB
----     ------
explorer 508.35
MsMpEng  258.65
msedge   255.23


----------------------------------------------------
Disk Storage Breakdown:

DeviceID FreeGB TotalGB
-------- ------ -------
C:       169.11  238.26


----------------------------------------------------
Network Diagnostics:
Active IPv4 Address: 10.11.2.237
Internet Latency   : 46 ms (Target: 8.8.8.8)
====================================================
